<html>
<body>
<pre>
<h1>礦ision Build Log</h1>
<h2>Tool Versions:</h2>
IDE-Version: μVision V5.14.0.0
Copyright (C) 2015 ARM Ltd and ARM Germany GmbH. All rights reserved.
License Information: lyz Microsoft, Microsoft, LIC=4ZLII-T9SA8-CZVWV-PZLZJ-UKXDW-AUB28
 
Tool Versions:
Toolchain:       MDK-ARM Professional  Version: 5.14.0.0
Toolchain Path:  C:\Keil_v5\ARM\ARMCC\Bin
C Compiler:      Armcc.exe V5.05 update 1 (build 106)
Assembler:       Armasm.exe V5.05 update 1 (build 106)
Linker/Locator:  ArmLink.exe V5.05 update 1 (build 106)
Library Manager: ArmAr.exe V5.05 update 1 (build 106)
Hex Converter:   FromElf.exe V5.05 update 1 (build 106)
CPU DLL:         SARMCM3.DLL V5.14.0.0
Dialog DLL:      DARMCM1.DLL V1.12.0.0
Target DLL:      Segger\JL2CM3.dll V2.99.13.0
Dialog DLL:      TARMCM1.DLL V1.9.0.0
 
<h2>Project:</h2>
F:\项目\蓝牙MESH应用(蓝牙网关)\项目工程（201911280936）\JMESH_SDK_V2.5.0_V1.5_Slave\apollo.uvprojx
Project File Date:  11/19/2019

<h2>Output:</h2>
Build target 'BLE'
compiling jmesh_app_pro.c...
linking...
Program Size: Code=130464 RO-data=11452 RW-data=2040 ZI-data=95772  
FromELF: creating hex file...
After Build - User command #1: .\tools\image_tool\dissemble.bat apollo
After Build - User command #2: .\tools\image_tool\bin_merge.exe .\tools\image_tool\merge.ini binary\RAM_CODE binary\FLASH_CODE binary\NVDS_AREA .\tools\image_tool\boot_ram.bin
".\Objects\apollo.axf" - 0 Error(s), 0 Warning(s).

<h2>Collection of Component include folders:</h2>
  F:\项目\蓝牙MESH应用(蓝牙网关)\项目工程（201911280936）\JMESH_SDK_V2.5.0_V1.5_Slave\RTE
  C:\Keil_v5\ARM\PACK\ARM\CMSIS\4.2.0\Device\ARM\ARMCM0plus\Include

<h2>Collection of Component Files used:</h2>
</pre>
</body>
</html>
